  ADDR B1 B2 B3 B4 thrass11.tmp                                     PAGE       1

  C000 CE 82 00     ldx #$8200
  C003 86 03        ldaa #3
  C005 B7 82 01     staa $8201
  C008 86 01        ldaa #1
  C00A B7 82 33     staa $8233
  C00D 86 00        ldaa #0
  C00F B7 82 02     staa $8202
  C012 86 00        ldaa #0
  C014 18 CE 00 00  ldy #0
  C018 7E C0 1B     jmp main
                   main:
  C01B E6 00        ldab 0,x
  C01D C1 00        cmpb #0
  C01F 2E 09        bgt check ; if>0
  C021 8C 82 FF     cpx #$82ff ;End?
  C024 27 11        beq return
  C026 08           inx
  C027 7E C0 1B     jmp main
                   check:
  C02A E6 00        ldab 0,x
  C02C 4C           inca ; a++
  C02D 18 3A        aby ;y+=b
  C02F 8C 82 FF     cpx #$82ff ;End?
  C032 27 03        beq return ;end
  C034 08           inx
  C035 26 E4        bne main ;not end


                   return:
  C037 20 FE        bra *


  Symbol Table 

  CHECK              C02A
  MAIN               C01B
  RETURN             C037
